// Jest Snapshot v1, https://goo.gl/fbAQLP

exports[`App component renders App 1`] = `
<DocumentFragment>
  <h1>
    Animal Crossing Landing Page!
  </h1>
  <div
    class="listpage"
  >
    <h3>
      Villager List
    </h3>
    <ul>
      List will go here...
    </ul>
  </div>
</DocumentFragment>
`;
